10.0.x.x - - [12/Mar/2026:08:14:03 +0100] "GET /index.html HTTP/1.1" 200 5312 "-" "Mozilla/5.0"
10.0.x.x - - [12/Mar/2026:08:14:11 +0100] "GET /static/logo.png HTTP/1.1" 200 18244 "-" "Mozilla/5.0"
10.0.x.x - - [12/Mar/2026:08:15:02 +0100] "GET /api/koszyk HTTP/1.1" 200 431 "-" "Mozilla/5.0"
192.168.x.x - - [12/Mar/2026:08:15:44 +0100] "POST /api/platnosc/potwierdz HTTP/1.1" 500 122 "-" "curl/8.5.0"
10.0.x.x - - [12/Mar/2026:08:16:10 +0100] "POST /api/platnosc/potwierdz HTTP/1.1" 500 122 "-" "Mozilla/5.0"
10.0.x.x - - [12/Mar/2026:08:16:59 +0100] "GET /katalog/buty HTTP/1.1" 200 9021 "-" "Mozilla/5.0"
203.0.x.x - - [12/Mar/2026:08:17:20 +0100] "GET /admin/login HTTP/1.1" 401 173 "-" "python-requests/2.31"
203.0.x.x - - [12/Mar/2026:08:17:21 +0100] "GET /admin/login HTTP/1.1" 401 173 "-" "python-requests/2.31"
203.0.x.x - - [12/Mar/2026:08:17:22 +0100] "GET /admin/login HTTP/1.1" 401 173 "-" "python-requests/2.31"
10.0.x.x - - [12/Mar/2026:08:18:03 +0100] "GET /index.html HTTP/1.1" 304 0 "-" "Mozilla/5.0"
10.0.x.x - - [12/Mar/2026:08:18:41 +0100] "POST /api/platnosc/potwierdz HTTP/1.1" 500 122 "-" "Mozilla/5.0"
10.0.x.x - - [12/Mar/2026:08:19:07 +0100] "GET /katalog/kurtki HTTP/1.1" 200 7734 "-" "Mozilla/5.0"
10.0.x.x - - [12/Mar/2026:08:19:35 +0100] "GET /static/styl.css HTTP/1.1" 200 2210 "-" "Mozilla/5.0"
10.0.x.x - - [12/Mar/2026:08:20:12 +0100] "GET /api/koszyk HTTP/1.1" 200 512 "-" "Mozilla/5.0"
192.168.x.x - - [12/Mar/2026:08:20:48 +0100] "POST /api/platnosc/potwierdz HTTP/1.1" 500 122 "-" "curl/8.5.0"
10.0.x.x - - [12/Mar/2026:08:21:15 +0100] "GET /brak-strony HTTP/1.1" 404 196 "-" "Mozilla/5.0"
10.0.x.x - - [12/Mar/2026:08:21:50 +0100] "GET /katalog/buty HTTP/1.1" 200 9021 "-" "Mozilla/5.0"
10.0.x.x - - [12/Mar/2026:08:22:31 +0100] "POST /api/platnosc/potwierdz HTTP/1.1" 500 122 "-" "Mozilla/5.0"
10.0.x.x - - [12/Mar/2026:08:23:02 +0100] "GET /favicon.ico HTTP/1.1" 404 196 "-" "Mozilla/5.0"
10.0.x.x - - [12/Mar/2026:08:23:44 +0100] "GET /index.html HTTP/1.1" 200 5312 "-" "Mozilla/5.0"
203.0.x.x - - [12/Mar/2026:08:24:05 +0100] "POST /admin/login HTTP/1.1" 401 173 "-" "python-requests/2.31"
10.0.x.x - - [12/Mar/2026:08:24:39 +0100] "GET /api/koszyk HTTP/1.1" 200 488 "-" "Mozilla/5.0"
10.0.x.x - - [12/Mar/2026:08:25:11 +0100] "POST /api/platnosc/potwierdz HTTP/1.1" 500 122 "-" "Mozilla/5.0"
10.0.x.x - - [12/Mar/2026:08:25:58 +0100] "GET /static/logo.png HTTP/1.1" 200 18244 "-" "Mozilla/5.0"
10.0.x.x - - [12/Mar/2026:08:26:30 +0100] "GET /katalog/kurtki HTTP/1.1" 200 7734 "-" "Mozilla/5.0"
172.16.x.x - - [12/Mar/2026:08:27:02 +0100] "GET /api/koszyk HTTP/1.1" 200 501 "-" "Mozilla/5.0"
172.16.x.x - - [12/Mar/2026:08:27:41 +0100] "POST /api/platnosc/potwierdz HTTP/1.1" 500 122 "-" "Mozilla/5.0"
10.0.x.x - - [12/Mar/2026:08:28:19 +0100] "GET /index.html HTTP/1.1" 200 5312 "-" "Mozilla/5.0"
10.0.x.x - - [12/Mar/2026:08:29:03 +0100] "GET /brak-strony HTTP/1.1" 404 196 "-" "Mozilla/5.0"
172.16.x.x - - [12/Mar/2026:08:29:47 +0100] "GET /katalog/buty HTTP/1.1" 200 9021 "-" "Mozilla/5.0"
